Testing Admin Stats...
Admin Stats: { totalGroups: 0, totalMembers: 0, totalFundsCollected: 0 }

Testing Member Stats...
Member Stats: { totalActiveGroups: 0, totalAmountSaved: 0 }
