Name: "Digital Savings Club" -> Prefix: "DSC"
Name: "Zakari Group" -> Prefix: "ZAGR"
Name: "Daro" -> Prefix: "DARO"
Name: "The High Performance Team" -> Prefix: "THPT"
Name: "AA" -> Prefix: "AA"
Name: "A" -> Prefix: "ARN4"
Name: "M-PESA Agents Group" -> Prefix: "MAG"
