src/api/controllers/contribution.controller.ts(21,9): error TS2322: Type 'string | string[]' is not assignable to type 'string'.
  Type 'string[]' is not assignable to type 'string'.
src/api/controllers/contribution.controller.ts(43,66): error TS2345: Argument of type 'string | string[]' is not assignable to parameter of type 'string'.
  Type 'string[]' is not assignable to type 'string'.
src/api/controllers/contribution.controller.ts(58,83): error TS2345: Argument of type 'string | string[]' is not assignable to parameter of type 'string'.
  Type 'string[]' is not assignable to type 'string'.
src/api/controllers/contribution.controller.ts(72,67): error TS2345: Argument of type 'string | string[]' is not assignable to parameter of type 'string'.
  Type 'string[]' is not assignable to type 'string'.
src/api/controllers/member.controller.ts(35,61): error TS2345: Argument of type 'string | string[]' is not assignable to parameter of type 'string'.
  Type 'string[]' is not assignable to type 'string'.
src/api/controllers/member.controller.ts(50,60): error TS2345: Argument of type 'string | string[]' is not assignable to parameter of type 'string'.
  Type 'string[]' is not assignable to type 'string'.
src/api/controllers/member.controller.ts(65,61): error TS2345: Argument of type 'string | string[]' is not assignable to parameter of type 'string'.
  Type 'string[]' is not assignable to type 'string'.
src/api/controllers/member.controller.ts(80,60): error TS2345: Argument of type 'string | string[]' is not assignable to parameter of type 'string'.
  Type 'string[]' is not assignable to type 'string'.
src/api/controllers/member.controller.ts(96,64): error TS2345: Argument of type 'string | string[]' is not assignable to parameter of type 'string'.
  Type 'string[]' is not assignable to type 'string'.
src/api/controllers/message.controller.ts(20,9): error TS2322: Type 'string | string[]' is not assignable to type 'string'.
  Type 'string[]' is not assignable to type 'string'.
src/api/controllers/report.controller.ts(18,9): error TS2345: Argument of type 'string | string[]' is not assignable to parameter of type 'string'.
  Type 'string[]' is not assignable to type 'string'.
src/config/swagger.ts(1,26): error TS7016: Could not find a declaration file for module 'swagger-jsdoc'. 'C:/Users/Public/Documents/DigiSav/backend/node_modules/swagger-jsdoc/index.js' implicitly has an 'any' type.
  Try `npm i --save-dev @types/swagger-jsdoc` if it exists or add a new declaration (.d.ts) file containing `declare module 'swagger-jsdoc';`
src/server.ts(4,20): error TS7016: Could not find a declaration file for module 'morgan'. 'C:/Users/Public/Documents/DigiSav/backend/node_modules/morgan/index.js' implicitly has an 'any' type.
  Try `npm i --save-dev @types/morgan` if it exists or add a new declaration (.d.ts) file containing `declare module 'morgan';`
src/server.ts(26,23): error TS7016: Could not find a declaration file for module 'swagger-ui-express'. 'C:/Users/Public/Documents/DigiSav/backend/node_modules/swagger-ui-express/index.js' implicitly has an 'any' type.
  Try `npm i --save-dev @types/swagger-ui-express` if it exists or add a new declaration (.d.ts) file containing `declare module 'swagger-ui-express';`
src/server.ts(68,48): error TS7006: Parameter 'msg' implicitly has an 'any' type.
src/services/auth/auth.service.ts(109,16): error TS2769: No overload matches this call.
  Overload 1 of 5, '(payload: string | object | Buffer<ArrayBufferLike>, secretOrPrivateKey: null, options?: (SignOptions & { algorithm: "none"; }) | undefined): string', gave the following error.
    Argument of type 'string' is not assignable to parameter of type 'null'.
  Overload 2 of 5, '(payload: string | object | Buffer<ArrayBufferLike>, secretOrPrivateKey: Buffer<ArrayBufferLike> | Secret | PrivateKeyInput | JsonWebKeyInput, options?: SignOptions | undefined): string', gave the following error.
    Type 'string' is not assignable to type 'number | StringValue | undefined'.
  Overload 3 of 5, '(payload: string | object | Buffer<ArrayBufferLike>, secretOrPrivateKey: Buffer<ArrayBufferLike> | Secret | PrivateKeyInput | JsonWebKeyInput, callback: SignCallback): void', gave the following error.
    Object literal may only specify known properties, and 'expiresIn' does not exist in type 'SignCallback'.
src/services/auth/auth.service.ts(115,23): error TS2769: No overload matches this call.
  Overload 1 of 5, '(payload: string | object | Buffer<ArrayBufferLike>, secretOrPrivateKey: null, options?: (SignOptions & { algorithm: "none"; }) | undefined): string', gave the following error.
    Argument of type 'string' is not assignable to parameter of type 'null'.
  Overload 2 of 5, '(payload: string | object | Buffer<ArrayBufferLike>, secretOrPrivateKey: Buffer<ArrayBufferLike> | Secret | PrivateKeyInput | JsonWebKeyInput, options?: SignOptions | undefined): string', gave the following error.
    Type 'string' is not assignable to type 'number | StringValue | undefined'.
  Overload 3 of 5, '(payload: string | object | Buffer<ArrayBufferLike>, secretOrPrivateKey: Buffer<ArrayBufferLike> | Secret | PrivateKeyInput | JsonWebKeyInput, callback: SignCallback): void', gave the following error.
    Object literal may only specify known properties, and 'expiresIn' does not exist in type 'SignCallback'.
src/services/contributions/contribution.service.ts(132,27): error TS2339: Property 'user' does not exist on type '{ group: { id: string; status: GroupStatus; createdAt: Date; updatedAt: Date; groupName: string; groupPrefix: string; adminUserId: string; contributionAmount: Decimal; ... 6 more ...; gracePeriodDays: number; }; } & { ...; }'.
